#
# There is insufficient memory for the Java Runtime Environment to continue.
# Native memory allocation (mmap) failed to map 264241152 bytes. Error detail: G1 virtual space
# Possible reasons:
#   The system is out of physical RAM or swap space
#   This process is running with CompressedOops enabled, and the Java Heap may be blocking the growth of the native heap
# Possible solutions:
#   Reduce memory load on the system
#   Increase physical memory or swap space
#   Check if swap backing store is full
#   Decrease Java heap size (-Xmx/-Xms)
#   Decrease number of Java threads
#   Decrease Java thread stack sizes (-Xss)
#   Set larger code cache with -XX:ReservedCodeCacheSize=
#   JVM is running with Zero Based Compressed Oops mode in which the Java heap is
#     placed in the first 32GB address space. The Java Heap base address is the
#     maximum limit for the native heap growth. Please use -XX:HeapBaseMinAddress
#     to set the Java Heap base and to place the Java Heap above 32GB virtual address.
# This output file may be truncated or incomplete.
#
#  Out of Memory Error (os_windows.cpp:3714), pid=23932, tid=26344
#
# JRE version:  (21.0.11+10) (build )
# Java VM: OpenJDK 64-Bit Server VM (21.0.11+10-LTS, mixed mode, sharing, tiered, compressed oops, compressed class ptrs, g1 gc, windows-amd64)
# No core dump will be written. Minidumps are not enabled by default on client versions of Windows
#

---------------  S U M M A R Y ------------

Command Line: -javaagent:C:\Program Files\JetBrains\IntelliJ IDEA 2026.2\lib\idea_rt.jar=62831 -Dfile.encoding=UTF-8 -Dsun.stdout.encoding=UTF-8 -Dsun.stderr.encoding=UTF-8 com.vks.VksServiceMainApplication

Host: 12th Gen Intel(R) Core(TM) i5-1240P, 16 cores, 15G,  Windows 11 , 64 bit Build 26100 (10.0.26100.8875)
Time: Sat Jul 18 20:22:18 2026 India Standard Time elapsed time: 1.474836 seconds (0d 0h 0m 1s)

---------------  T H R E A D  ---------------

Current thread (0x000001b5893697a0):  JavaThread "Unknown thread" [_thread_in_vm, id=26344, stack(0x0000005705c00000,0x0000005705d00000) (1024K)]

Stack: [0x0000005705c00000,0x0000005705d00000]
Native frames: (J=compiled Java code, j=interpreted, Vv=VM code, C=native code)
V  [jvm.dll+0x6df899]
V  [jvm.dll+0x8bc52b]
V  [jvm.dll+0x8beaba]
V  [jvm.dll+0x8bf193]
V  [jvm.dll+0x28aa16]
V  [jvm.dll+0x6dc1f5]
V  [jvm.dll+0x6d003a]
V  [jvm.dll+0x3650fe]
V  [jvm.dll+0x36cfcb]
V  [jvm.dll+0x3bea89]
V  [jvm.dll+0x3bed2b]
V  [jvm.dll+0x3392c7]
V  [jvm.dll+0x339e0b]
V  [jvm.dll+0x886aae]
V  [jvm.dll+0x3cb9e1]
V  [jvm.dll+0x86f9bc]
V  [jvm.dll+0x45eaa1]
V  [jvm.dll+0x4606e1]
C  [jli.dll+0x52f4]
C  [ucrtbase.dll+0x2cd30]
C  [KERNEL32.DLL+0x2e957]
C  [ntdll.dll+0xaad6c]


---------------  P R O C E S S  ---------------

Threads class SMR info:
_java_thread_list=0x00007ffdcef02208, length=0, elements={
}

Java Threads: ( => current thread )
Total: 0

Other Threads:
  0x000001b5893d3270 WorkerThread "GC Thread#0"                     [id=15488, stack(0x0000005705d00000,0x0000005705e00000) (1024K)]
  0x000001b5893e3d30 ConcurrentGCThread "G1 Main Marker"            [id=24144, stack(0x0000005705e00000,0x0000005705f00000) (1024K)]
  0x000001b5893e56c0 WorkerThread "G1 Conc#0"                       [id=7948, stack(0x0000005705f00000,0x0000005706000000) (1024K)]

[error occurred during error reporting (printing all threads), id 0xc0000005, EXCEPTION_ACCESS_VIOLATION (0xc0000005) at pc=0x00007ffdce5fbd47]
VM state: not at safepoint (not fully initialized)

VM Mutex/Monitor currently owned by a thread:  ([mutex/lock_event])
[0x00007ffdcef766c0] Heap_lock - owner thread: 0x000001b5893697a0

Heap address: 0x0000000705200000, size: 4014 MB, Compressed Oops mode: Zero based, Oop shift amount: 3

CDS archive(s) mapped at: [0x0000000000000000-0x0000000000000000-0x0000000000000000), size 0, SharedBaseAddress: 0x0000000800000000, ArchiveRelocationMode: 1.
Narrow klass base: 0x0000000000000000, Narrow klass shift: 0, Narrow klass range: 0x0

GC Precious Log:
 CardTable entry size: 512
 Card Set container configuration: InlinePtr #cards 4 size 8 Array Of Cards #cards 16 size 48 Howl #buckets 8 coarsen threshold 3686 Howl Bitmap #cards 512 size 80 coarsen threshold 460 Card regions per heap region 1 cards per card region 4096

Heap:
 garbage-first heap   total 0K, used 0K [0x0000000705200000, 0x0000000800000000)
  region size 2048K, 0 young (0K), 0 survivors (0K)

[error occurred during error reporting (printing heap information), id 0xc0000005, EXCEPTION_ACCESS_VIOLATION (0xc0000005) at pc=0x00007ffdce9e95d9]
GC Heap History (0 events):
No events

Dll operation events (1 events):
Event: 0.010 Loaded shared library C:\Users\BINNU KUMAR\.jdks\corretto-21.0.11\bin\java.dll

Deoptimization events (0 events):
No events

Classes loaded (0 events):
No events

Classes unloaded (0 events):
No events

Classes redefined (0 events):
No events

Internal exceptions (0 events):
No events

ZGC Phase Switch (0 events):
No events

VM Operations (0 events):
No events

Memory protections (0 events):
No events

Nmethod flushes (0 events):
No events

Events (0 events):
No events


Dynamic libraries:
0x00007ff620590000 - 0x00007ff62059e000 	C:\Users\BINNU KUMAR\.jdks\corretto-21.0.11\bin\java.exe
0x00007ffe60920000 - 0x00007ffe60b86000 	C:\WINDOWS\SYSTEM32\ntdll.dll
0x00007ffe5fbc0000 - 0x00007ffe5fc89000 	C:\WINDOWS\System32\KERNEL32.DLL
0x00007ffe5de60000 - 0x00007ffe5e25e000 	C:\WINDOWS\System32\KERNELBASE.dll
0x00007ffe5e3c0000 - 0x00007ffe5e50c000 	C:\WINDOWS\System32\ucrtbase.dll
0x00007ffe24e60000 - 0x00007ffe24e78000 	C:\Users\BINNU KUMAR\.jdks\corretto-21.0.11\bin\jli.dll
0x00007ffe1e4e0000 - 0x00007ffe1e4fe000 	C:\Users\BINNU KUMAR\.jdks\corretto-21.0.11\bin\VCRUNTIME140.dll
0x00007ffe5fc90000 - 0x00007ffe5fe57000 	C:\WINDOWS\System32\USER32.dll
0x00007ffe5dcb0000 - 0x00007ffe5dcd7000 	C:\WINDOWS\System32\win32u.dll
0x00007ffe5fae0000 - 0x00007ffe5fb0b000 	C:\WINDOWS\System32\GDI32.dll
0x00007ffe381f0000 - 0x00007ffe38482000 	C:\WINDOWS\WinSxS\amd64_microsoft.windows.common-controls_6595b64144ccf1df_6.0.26100.8875_none_3e0d5d42e32fe9dd\COMCTL32.dll
0x00007ffe5e520000 - 0x00007ffe5e64a000 	C:\WINDOWS\System32\gdi32full.dll
0x00007ffe5f150000 - 0x00007ffe5f1f9000 	C:\WINDOWS\System32\msvcrt.dll
0x00007ffe5db40000 - 0x00007ffe5dbe3000 	C:\WINDOWS\System32\msvcp_win.dll
0x00007ffe5faa0000 - 0x00007ffe5fad2000 	C:\WINDOWS\System32\IMM32.DLL
0x00007ffe2a170000 - 0x00007ffe2a17c000 	C:\Users\BINNU KUMAR\.jdks\corretto-21.0.11\bin\vcruntime140_1.dll
0x00007ffe0d0d0000 - 0x00007ffe0d159000 	C:\Users\BINNU KUMAR\.jdks\corretto-21.0.11\bin\msvcp140.dll
0x00007ffdce2b0000 - 0x00007ffdcf058000 	C:\Users\BINNU KUMAR\.jdks\corretto-21.0.11\bin\server\jvm.dll
0x00007ffe5f9e0000 - 0x00007ffe5fa97000 	C:\WINDOWS\System32\ADVAPI32.dll
0x00007ffe5fe60000 - 0x00007ffe5ff0a000 	C:\WINDOWS\System32\sechost.dll
0x00007ffe605e0000 - 0x00007ffe606f8000 	C:\WINDOWS\System32\RPCRT4.dll
0x00007ffe5fb30000 - 0x00007ffe5fbb0000 	C:\WINDOWS\System32\WS2_32.dll
0x00007ffe5d9a0000 - 0x00007ffe5d9fe000 	C:\WINDOWS\SYSTEM32\POWRPROF.dll
0x00007ffe54240000 - 0x00007ffe54276000 	C:\WINDOWS\SYSTEM32\WINMM.dll
0x00007ffe4a6f0000 - 0x00007ffe4a6fb000 	C:\WINDOWS\SYSTEM32\VERSION.dll
0x00007ffe5d980000 - 0x00007ffe5d994000 	C:\WINDOWS\SYSTEM32\UMPDC.dll
0x00007ffe5c820000 - 0x00007ffe5c83b000 	C:\WINDOWS\SYSTEM32\kernel.appcore.dll
0x00007ffe29d40000 - 0x00007ffe29d4a000 	C:\Users\BINNU KUMAR\.jdks\corretto-21.0.11\bin\jimage.dll
0x00007ffe57f70000 - 0x00007ffe581b2000 	C:\WINDOWS\SYSTEM32\DBGHELP.DLL
0x00007ffe5f550000 - 0x00007ffe5f8d3000 	C:\WINDOWS\System32\combase.dll
0x00007ffe5e820000 - 0x00007ffe5e8f9000 	C:\WINDOWS\System32\OLEAUT32.dll
0x00007ffe25180000 - 0x00007ffe251bb000 	C:\WINDOWS\SYSTEM32\dbgcore.DLL
0x00007ffe5dbf0000 - 0x00007ffe5dc9c000 	C:\WINDOWS\System32\bcryptPrimitives.dll
0x00007ffe27c10000 - 0x00007ffe27c20000 	C:\Users\BINNU KUMAR\.jdks\corretto-21.0.11\bin\instrument.dll
0x00007ffe0eeb0000 - 0x00007ffe0eed1000 	C:\Users\BINNU KUMAR\.jdks\corretto-21.0.11\bin\java.dll

JVMTI agents:
C:\Program Files\JetBrains\IntelliJ IDEA 2026.2\lib\idea_rt.jar path:none, loaded, not initialized, instrumentlib options:62831

dbghelp: loaded successfully - version: 4.0.5 - missing functions: none
symbol engine: initialized successfully - sym options: 0x614 - pdb path: .;C:\Users\BINNU KUMAR\.jdks\corretto-21.0.11\bin;C:\WINDOWS\SYSTEM32;C:\WINDOWS\WinSxS\amd64_microsoft.windows.common-controls_6595b64144ccf1df_6.0.26100.8875_none_3e0d5d42e32fe9dd;C:\Users\BINNU KUMAR\.jdks\corretto-21.0.11\bin\server

VM Arguments:
jvm_args: -javaagent:C:\Program Files\JetBrains\IntelliJ IDEA 2026.2\lib\idea_rt.jar=62831 -Dfile.encoding=UTF-8 -Dsun.stdout.encoding=UTF-8 -Dsun.stderr.encoding=UTF-8 
java_command: com.vks.VksServiceMainApplication
java_class_path (initial): D:\Saas\vks\vks-service\target\classes;C:\Users\BINNU KUMAR\.m2\repository\org\springframework\boot\spring-boot-starter-web\3.5.5\spring-boot-starter-web-3.5.5.jar;C:\Users\BINNU KUMAR\.m2\repository\org\springframework\boot\spring-boot-starter\3.5.5\spring-boot-starter-3.5.5.jar;C:\Users\BINNU KUMAR\.m2\repository\org\springframework\boot\spring-boot\3.5.5\spring-boot-3.5.5.jar;C:\Users\BINNU KUMAR\.m2\repository\org\springframework\boot\spring-boot-autoconfigure\3.5.5\spring-boot-autoconfigure-3.5.5.jar;C:\Users\BINNU KUMAR\.m2\repository\org\springframework\boot\spring-boot-starter-logging\3.5.5\spring-boot-starter-logging-3.5.5.jar;C:\Users\BINNU KUMAR\.m2\repository\org\apache\logging\log4j\log4j-to-slf4j\2.24.3\log4j-to-slf4j-2.24.3.jar;C:\Users\BINNU KUMAR\.m2\repository\org\slf4j\jul-to-slf4j\2.0.17\jul-to-slf4j-2.0.17.jar;C:\Users\BINNU KUMAR\.m2\repository\jakarta\annotation\jakarta.annotation-api\2.1.1\jakarta.annotation-api-2.1.1.jar;C:\Users\BINNU KUMAR\.m2\repository\org\yaml\snakeyaml\2.4\snakeyaml-2.4.jar;C:\Users\BINNU KUMAR\.m2\repository\org\springframework\boot\spring-boot-starter-json\3.5.5\spring-boot-starter-json-3.5.5.jar;C:\Users\BINNU KUMAR\.m2\repository\com\fasterxml\jackson\datatype\jackson-datatype-jdk8\2.19.2\jackson-datatype-jdk8-2.19.2.jar;C:\Users\BINNU KUMAR\.m2\repository\com\fasterxml\jackson\datatype\jackson-datatype-jsr310\2.19.2\jackson-datatype-jsr310-2.19.2.jar;C:\Users\BINNU KUMAR\.m2\repository\com\fasterxml\jackson\module\jackson-module-parameter-names\2.19.2\jackson-module-parameter-names-2.19.2.jar;C:\Users\BINNU KUMAR\.m2\repository\org\springframework\boot\spring-boot-starter-tomcat\3.5.5\spring-boot-starter-tomcat-3.5.5.jar;C:\Users\BINNU KUMAR\.m2\repository\org\apache\tomcat\embed\tomcat-embed-core\10.1.44\tomcat-embed-core-10.1.44.jar;C:\Users\BINNU KUMAR\.m2\repository\org\apache\tomcat\embed\tomcat-embed-websocket\10.1.44\tomcat-embed-websocket-10.1.44.jar;C:\Users\BINNU KUMAR\.m2\repository\org\springframework\spring-web\6.2.10\spring-web-6.2.10.jar;C:\Users\BINNU KUMAR\.m2\repository\org\springframework\spring-webmvc\6.2.10\spring-webmvc-6.2.10.jar;C:\Users\BINNU KUMAR\.m2\repository\org\springframework\spring-expression\6.2.10\spring-expression-6.2.10.jar;C:\Users\BINNU KUMAR\.m2\repository\org\springframework\boot\spring-boot-starter-websocket\3.5.5\spring-boot-starter-websocket-3.5.5.jar;C:\Users\BINNU KUMAR\.m2\repository\org\springframework\spring-messaging\6.2.10\spring-messaging-6.2.10.jar;C:\Users\BINNU KUMAR\.m2\repository\org\springframework\spring-websocket\6.2.10\spring-websocket-6.2.10.jar;C:\Users\BINNU KUMAR\.m2\repository\org\springframework\boot\spring-boot-starter-aop\3.5.5\spring-boot-starter-aop-3.5.5.jar;C:\Users\BINNU KUMAR\.m2\repository\org\springframework\spring-aop\6.2.10\spring-aop-6.2.10.jar;C:\Users\BINNU KUMAR\.m2\repository\org\aspectj\aspectjweaver\1.9.24\aspectjweaver-1.9.24.jar;C:\Users\BINNU KUMAR\.m2\repository\org\springframework\boot\spring-boot-starter-security\3.5.5\spring-boot-starter-security-3.5.5.jar;C:\Users\BINNU KUMAR\.m2\repository\org\springframework\security\spring-security-config\6.5.3\spring-security-config-6.5.3.jar;C:\Users\BINNU KUMAR\.m2\repository\org\springframework\security\spring-security-web\6.5.3\spring-security-web-6.5.3.jar;C:\Users\BINNU KUMAR\.m2\repository\org\springframework\boot\spring-boot-starter-validation\3.5.5\spring-boot-starter-validation-3.5.5.jar;C:\Users\BINNU KUMAR\.m2\repository\org\apache\tomcat\embed\tomcat-embed-el\10.1.44\tomcat-embed-el-10.1.44.jar;C:\Users\BINNU KUMAR\.m2\repository\org\hibernate\validator\hibernate-validator\8.0.3.Final\hibernate-validator-8.0.3.Final.jar;C:\Users\BINNU KUMAR\.m2\repository\jakarta\validation\jakarta.validation-api\3.0.2\jakarta.validation-api-3.0.2.jar;C:\Users\BINNU KUMAR\.m2\repository\org\jboss\logging\jboss-logging\3.6.1.Final\jboss-logging-3.6.1.Final.jar;C:\Users\BINNU KUMAR\.m2\repository\com\fasterxml\classmate\1.7.0\classmate-1.7.0.jar;C:\Users\BINNU KUMAR\.m2\repository\org\springframework\boot\spring-boot-starter-webflux\3.5.5\spring-boot-starter-webflux-3.5.5.jar;C:\Users\BINNU KUMAR\.m2\repository\org\springframework\boot\spring-boot-starter-reactor-netty\3.5.5\spring-boot-starter-reactor-netty-3.5.5.jar;C:\Users\BINNU KUMAR\.m2\repository\io\projectreactor\netty\reactor-netty-http\1.2.9\reactor-netty-http-1.2.9.jar;C:\Users\BINNU KUMAR\.m2\repository\io\netty\netty-resolver-dns\4.1.124.Final\netty-resolver-dns-4.1.124.Final.jar;C:\Users\BINNU KUMAR\.m2\repository\io\netty\netty-codec-dns\4.1.124.Final\netty-codec-dns-4.1.124.Final.jar;C:\Users\BINNU KUMAR\.m2\repository\io\netty\netty-resolver-dns-native-macos\4.1.124.Final\netty-resolver-dns-native-macos-4.1.124.Final-osx-x86_64.jar;C:\Users\BINNU KUMAR\.m2\repository\io\netty\netty-resolver-dns-classes-macos\4.1.124.Final\netty-resolver-dns-classes-macos-4.1.124.Final.jar;C:\Users\BINNU KUMAR\.m2\repository\io\netty\netty-transport-native-epoll\4.1.124.Final\netty-transport-native-epoll-4.1.124.Final-linux-x86_64.jar;C:\Users\BINNU KUMAR\.m2\repository\io\projectreactor\netty\reactor-netty-core\1.2.9\reactor-netty-core-1.2.9.jar;C:\Users\BINNU KUMAR\.m2\repository\io\netty\netty-handler-proxy\4.1.124.Final\netty-handler-proxy-4.1.124.Final.jar;C:\Users\BINNU KUMAR\.m2\repository\io\netty\netty-codec-socks\4.1.124.Final\netty-codec-socks-4.1.124.Final.jar;C:\Users\BINNU KUMAR\.m2\repository\org\springframework\spring-webflux\6.2.10\spring-webflux-6.2.10.jar;C:\Users\BINNU KUMAR\.m2\repository\io\projectreactor\reactor-core\3.7.9\reactor-core-3.7.9.jar;C:\Users\BINNU KUMAR\.m2\repository\org\springframework\cloud\spring-cloud-starter-config\4.3.0\spring-cloud-starter-config-4.3.0.jar;C:\Users\BINNU KUMAR\.m2\repository\org\springframework\cloud\spring-cloud-starter\4.3.0\spring-cloud-starter-4.3.0.jar;C:\Users\BINNU KUMAR\.m2\repository\org\springframework\cloud\spring-cloud-context\4.3.0\spring-cloud-context-4.3.0.jar;C:\Users\BINNU KUMAR\.m2\repository\org\springframework\cloud\spring-cloud-commons\4.3.0\spring-cloud-commons-4.3.0.jar;C:\Users\BINNU KUMAR\.m2\repository\org\bouncycastle\bcprov-jdk18on\1.80\bcprov-jdk18on-1.80.jar;C:\Users\BINNU KUMAR\.m2\repository\org\springframework\cloud\spring-cloud-config-client\4.3.0\spring-cloud-config-client-4.3.0.jar;C:\Users\BINNU KUMAR\.m2\repository\com\fasterxml\jackson\core\jackson-annotations\2.19.2\jackson-annotations-2.19.2.jar;C:\Users\BINNU KUMAR\.m2\repository\org\apache\httpcomponents\client5\httpclient5\5.5\httpclient5-5.5.jar;C:\Users\BINNU KUMAR\.m2\repository\org\apache\httpcomponents\core5\httpcore5\5.3.4\httpcore5-5.3.4.jar;C:\Users\BINNU KUMAR\.m2\repository\org\apache\httpcomponents\core5\httpcore5-h2\5.3.4\httpcore5-h2-5.3.4.jar;C:\Users\BINNU KUMAR\.m2\repository\com\fasterxml\jackson\core\jackson-databind\2.19.2\jackson-databind-2.19.2.jar;C:\Users\BINNU KUMAR\.m2\repository\com\fasterxml\jackson\core\jackson-core\2.19.2\jackson-core-2.19.2.jar;C:\Users\BINNU KUMAR\.m2\repository\org\springframework\kafka\spring-kafka\3.3.9\spring-kafka-3.3.9.jar;C:\Users\BINNU KUMAR\.m2\repository\org\springframework\spring-context\6.2.10\spring-context-6.2.10.jar;C:\Users\BINNU KUMAR\.m2\repository\org\springframework\retry\spring-retry\2.0.12\spring-retry-2.0.12.jar;C:\Users\BINNU KUMAR\.m2\repository\org\apache\kafka\kafka-clients\3.9.1\kafka-clients-3.9.1.jar;C:\Users\BINNU KUMAR\.m2\repository\com\github\luben\zstd-jni\1.5.6-4\zstd-jni-1.5.6-4.jar;C:\Users\BINNU KUMAR\.m2\repository\org\lz4\lz4-java\1.8.0\lz4-java-1.8.0.jar;C:\Users\BINNU KUMAR\.m2\repository\org\xerial\snappy\snappy-java\1.1.10.5\snappy-java-1.1.10.5.jar;C:\Users\BINNU KUMAR\.m2\repository\io\micrometer\micrometer-observation\1.15.3\micrometer-observation-1.15.3.jar;C:\Users\BINNU KUMAR\.m2\repository\io\micrometer\micrometer-commons\1.15.3\micrometer-commons-1.15.3.jar;C:\Users\BINNU KUMAR\.m2\repository\org\projectlombok\lombok\1.18.32\lombok-1.18.32.jar;C:\Users\BINNU KUMAR\.m2\repository\io\jsonwebtoken\jjwt-api\0.12.6\jjwt-api-0.12.6.jar;C:\Users\BINNU KUMAR\.m2\repository\io\jsonwebtoken\jjwt-impl\0.12.6\jjwt-impl-0.12.6.jar;C:\Users\BINNU KUMAR\.m2\repository\io\jsonwebtoken\jjwt-jackson\0.12.6\jjwt-jackson-0.12.6.jar;C:\Users\BINNU KUMAR\.m2\repository\de\mkammerer\argon2-jvm\2.11\argon2-jvm-2.11.jar;C:\Users\BINNU KUMAR\.m2\repository\de\mkammerer\argon2-jvm-nolibs\2.11\argon2-jvm-nolibs-2.11.jar;C:\Users\BINNU KUMAR\.m2\repository\net\java\dev\jna\jna\5.8.0\jna-5.8.0.jar;C:\Users\BINNU KUMAR\.m2\repository\com\github\ulisesbocchio\jasypt-spring-boot-starter\3.0.5\jasypt-spring-boot-starter-3.0.5.jar;C:\Users\BINNU KUMAR\.m2\repository\com\github\ulisesbocchio\jasypt-spring-boot\3.0.5\jasypt-spring-boot-3.0.5.jar;C:\Users\BINNU KUMAR\.m2\repository\org\jasypt\jasypt\1.9.3\jasypt-1.9.3.jar;C:\Users\BINNU KUMAR\.m2\repository\ch\qos\logback\logback-classic\1.5.18\logback-classic-1.5.18.jar;C:\Users\BINNU KUMAR\.m2\repository\org\slf4j\slf4j-api\2.0.17\slf4j-api-2.0.17.jar;C:\Users\BINNU KUMAR\.m2\repository\ch\qos\logback\logback-core\1.5.18\logback-core-1.5.18.jar;C:\Users\BINNU KUMAR\.m2\repository\io\micrometer\micrometer-tracing-bridge-brave\1.5.3\micrometer-tracing-bridge-brave-1.5.3.jar;C:\Users\BINNU KUMAR\.m2\repository\io\micrometer\micrometer-tracing\1.5.3\micrometer-tracing-1.5.3.jar;C:\Users\BINNU KUMAR\.m2\repository\aopalliance\aopalliance\1.0\aopalliance-1.0.jar;C:\Users\BINNU KUMAR\.m2\repository\io\zipkin\brave\brave\6.1.0\brave-6.1.0.jar;C:\Users\BINNU KUMAR\.m2\repository\io\zipkin\brave\brave-context-slf4j\6.1.0\brave-context-slf4j-6.1.0.jar;C:\Users\BINNU KUMAR\.m2\repository\io\zipkin\brave\brave-instrumentation-http\6.1.0\brave-instrumentation-http-6.1.0.jar;C:\Users\BINNU KUMAR\.m2\repository\io\zipkin\aws\brave-propagation-aws\1.3.0\brave-propagation-aws-1.3.0.jar;C:\Users\BINNU KUMAR\.m2\repository\io\zipkin\contrib\brave-propagation-w3c\brave-propagation-tracecontext\0.2.0\brave-propagation-tracecontext-0.2.0.jar;C:\Users\BINNU KUMAR\.m2\repository\io\micrometer\context-propagation\1.1.3\context-propagation-1.1.3.jar;C:\Users\BINNU KUMAR\.m2\repository\io\micrometer\micrometer-registry-prometheus\1.15.3\micrometer-registry-prometheus-1.15.3.jar;C:\Users\BINNU KUMAR\.m2\repository\io\micrometer\micrometer-core\1.15.3\micrometer-core-1.15.3.jar;C:\Users\BINNU KUMAR\.m2\repository\org\hdrhistogram\HdrHistogram\2.2.2\HdrHistogram-2.2.2.jar;C:\Users\BINNU KUMAR\.m2\repository\org\latencyutils\LatencyUtils\2.0.3\LatencyUtils-2.0.3.jar;C:\Users\BINNU KUMAR\.m2\repository\io\prometheus\prometheus-metrics-core\1.3.10\prometheus-metrics-core-1.3.10.jar;C:\Users\BINNU KUMAR\.m2\repository\io\prometheus\prometheus-metrics-model\1.3.10\prometheus-metrics-model-1.3.10.jar;C:\Users\BINNU KUMAR\.m2\repository\io\prometheus\prometheus-metrics-config\1.3.10\prometheus-metrics-config-1.3.10.jar;C:\Users\BINNU KUMAR\.m2\repository\io\prometheus\prometheus-metrics-tracer-common\1.3.10\prometheus-metrics-tracer-common-1.3.10.jar;C:\Users\BINNU KUMAR\.m2\repository\io\prometheus\prometheus-metrics-exposition-formats\1.3.10\prometheus-metrics-exposition-formats-1.3.10.jar;C:\Users\BINNU KUMAR\.m2\repository\io\prometheus\prometheus-metrics-exposition-textformats\1.3.10\prometheus-metrics-exposition-textformats-1.3.10.jar;C:\Users\BINNU KUMAR\.m2\repository\org\springframework\boot\spring-boot-starter-actuator\3.5.5\spring-boot-starter-actuator-3.5.5.jar;C:\Users\BINNU KUMAR\.m2\repository\org\springframework\boot\spring-boot-actuator-autoconfigure\3.5.5\spring-boot-actuator-autoconfigure-3.5.5.jar;C:\Users\BINNU KUMAR\.m2\repository\org\springframework\boot\spring-boot-actuator\3.5.5\spring-boot-actuator-3.5.5.jar;C:\Users\BINNU KUMAR\.m2\repository\io\micrometer\micrometer-jakarta9\1.15.3\micrometer-jakarta9-1.15.3.jar;C:\Users\BINNU KUMAR\.m2\repository\org\springdoc\springdoc-openapi-starter-webmvc-ui\2.2.0\springdoc-openapi-starter-webmvc-ui-2.2.0.jar;C:\Users\BINNU KUMAR\.m2\repository\org\springdoc\springdoc-openapi-starter-webmvc-api\2.2.0\springdoc-openapi-starter-webmvc-api-2.2.0.jar;C:\Users\BINNU KUMAR\.m2\repository\org\springdoc\springdoc-openapi-starter-common\2.2.0\springdoc-openapi-starter-common-2.2.0.jar;C:\Users\BINNU KUMAR\.m2\repository\io\swagger\core\v3\swagger-core-jakarta\2.2.15\swagger-core-jakarta-2.2.15.jar;C:\Users\BINNU KUMAR\.m2\repository\org\apache\commons\commons-lang3\3.17.0\commons-lang3-3.17.0.jar;C:\Users\BINNU KUMAR\.m2\repository\io\swagger\core\v3\swagger-annotations-jakarta\2.2.15\swagger-annotations-jakarta-2.2.15.jar;C:\Users\BINNU KUMAR\.m2\repository\io\swagger\core\v3\swagger-models-jakarta\2.2.15\swagger-models-jakarta-2.2.15.jar;C:\Users\BINNU KUMAR\.m2\repository\com\fasterxml\jackson\dataformat\jackson-dataformat-yaml\2.19.2\jackson-dataformat-yaml-2.19.2.jar;C:\Users\BINNU KUMAR\.m2\repository\org\webjars\swagger-ui\5.2.0\swagger-ui-5.2.0.jar;C:\Users\BINNU KUMAR\.m2\repository\org\springframework\spring-tx\6.2.10\spring-tx-6.2.10.jar;C:\Users\BINNU KUMAR\.m2\repository\org\springframework\spring-beans\6.2.10\spring-beans-6.2.10.jar;C:\Users\BINNU KUMAR\.m2\repository\org\springframework\spring-core\6.2.10\spring-core-6.2.10.jar;C:\Users\BINNU KUMAR\.m2\repository\org\springframework\spring-jcl\6.2.10\spring-jcl-6.2.10.jar;C:\Users\BINNU KUMAR\.m2\repository\org\json\json\20251224\json-20251224.jar;C:\Users\BINNU KUMAR\.m2\repository\software\amazon\awssdk\secretsmanager\2.20.0\secretsmanager-2.20.0.jar;C:\Users\BINNU KUMAR\.m2\repository\software\amazon\awssdk\aws-json-protocol\2.20.0\aws-json-protocol-2.20.0.jar;C:\Users\BINNU KUMAR\.m2\repository\software\amazon\awssdk\third-party-jackson-core\2.20.0\third-party-jackson-core-2.20.0.jar;C:\Users\BINNU KUMAR\.m2\repository\software\amazon\awssdk\protocol-core\2.20.0\protocol-core-2.20.0.jar;C:\Users\BINNU KUMAR\.m2\repository\software\amazon\awssdk\sdk-core\2.20.0\sdk-core-2.20.0.jar;C:\Users\BINNU KUMAR\.m2\repository\software\amazon\awssdk\profiles\2.20.0\profiles-2.20.0.jar;C:\Users\BINNU KUMAR\.m2\repository\org\reactivestreams\reactive-streams\1.0.4\reactive-streams-1.0.4.jar;C:\Users\BINNU KUMAR\.m2\repository\software\amazon\awssdk\auth\2.20.0\auth-2.20.0.jar;C:\Users\BINNU KUMAR\.m2\repository\software\amazon\eventstream\eventstream\1.0.1\eventstream-1.0.1.jar;C:\Users\BINNU KUMAR\.m2\repository\software\amazon\awssdk\http-client-spi\2.20.0\http-client-spi-2.20.0.jar;C:\Users\BINNU KUMAR\.m2\repository\software\amazon\awssdk\regions\2.20.0\regions-2.20.0.jar;C:\Users\BINNU KUMAR\.m2\repository\software\amazon\awssdk\annotations\2.20.0\annotations-2.20.0.jar;C:\Users\BINNU KUMAR\.m2\repository\software\amazon\awssdk\utils\2.20.0\utils-2.20.0.jar;C:\Users\BINNU KUMAR\.m2\repository\software\amazon\awssdk\aws-core\2.20.0\aws-core-2.20.0.jar;C:\Users\BINNU KUMAR\.m2\repository\software\amazon\awssdk\metrics-spi\2.20.0\metrics-spi-2.20.0.jar;C:\Users\BINNU KUMAR\.m2\repository\software\amazon\awssdk\json-utils\2.20.0\json-utils-2.20.0.jar;C:\Users\BINNU KUMAR\.m2\repository\software\amazon\awssdk\endpoints-spi\2.20.0\endpoints-spi-2.20.0.jar;C:\Users\BINNU KUMAR\.m2\repository\software\amazon\awssdk\apache-client\2.20.0\apache-client-2.20.0.jar;C:\Users\BINNU KUMAR\.m2\repository\org\apache\httpcomponents\httpclient\4.5.13\httpclient-4.5.13.jar;C:\Users\BINNU KUMAR\.m2\repository\org\apache\httpcomponents\httpcore\4.4.16\httpcore-4.4.16.jar;C:\Users\BINNU KUMAR\.m2\repository\software\amazon\awssdk\netty-nio-client\2.20.0\netty-nio-client-2.20.0.jar;C:\Users\BINNU KUMAR\.m2\repository\io\netty\netty-codec-http\4.1.124.Final\netty-codec-http-4.1.124.Final.jar;C:\Users\BINNU KUMAR\.m2\repository\io\netty\netty-codec-http2\4.1.124.Final\netty-codec-http2-4.1.124.Final.jar;C:\Users\BINNU KUMAR\.m2\repository\io\netty\netty-codec\4.1.124.Final\netty-codec-4.1.124.Final.jar;C:\Users\BINNU KUMAR\.m2\repository\io\netty\netty-transport\4.1.124.Final\netty-transport-4.1.124.Final.jar;C:\Users\BINNU KUMAR\.m2\repository\io\netty\netty-resolver\4.1.124.Final\netty-resolver-4.1.124.Final.jar;C:\Users\BINNU KUMAR\.m2\repository\io\netty\netty-common\4.1.124.Final\netty-common-4.1.124.Final.jar;C:\Users\BINNU KUMAR\.m2\repository\io\netty\netty-buffer\4.1.124.Final\netty-buffer-4.1.124.Final.jar;C:\Users\BINNU KUMAR\.m2\repository\io\netty\netty-handler\4.1.124.Final\netty-handler-4.1.124.Final.jar;C:\Users\BINNU KUMAR\.m2\repository\io\netty\netty-transport-native-unix-common\4.1.124.Final\netty-transport-native-unix-common-4.1.124.Final.jar;C:\Users\BINNU KUMAR\.m2\repository\io\netty\netty-transport-classes-epoll\4.1.124.Final\netty-transport-classes-epoll-4.1.124.Final.jar;C:\Users\BINNU KUMAR\.m2\repository\jakarta\xml\bind\jakarta.xml.bind-api\4.0.2\jakarta.xml.bind-api-4.0.2.jar;C:\Users\BINNU KUMAR\.m2\repository\jakarta\activation\jakarta.activation-api\2.1.3\jakarta.activation-api-2.1.3.jar;C:\Users\BINNU KUMAR\.m2\repository\net\bytebuddy\byte-buddy\1.17.7\byte-buddy-1.17.7.jar;C:\Users\BINNU KUMAR\.m2\repository\org\springframework\security\spring-security-core\6.5.3\spring-security-core-6.5.3.jar;C:\Users\BINNU KUMAR\.m2\repository\org\springframework\security\spring-security-crypto\6.5.3\spring-security-crypto-6.5.3.jar;C:\Users\BINNU KUMAR\.m2\repository\org\springframework\boot\spring-boot-starter-data-jpa\3.5.5\spring-boot-starter-data-jpa-3.5.5.jar;C:\Users\BINNU KUMAR\.m2\repository\org\springframework\boot\spring-boot-starter-jdbc\3.5.5\spring-boot-starter-jdbc-3.5.5.jar;C:\Users\BINNU KUMAR\.m2\repository\com\zaxxer\HikariCP\6.3.2\HikariCP-6.3.2.jar;C:\Users\BINNU KUMAR\.m2\repository\org\springframework\spring-jdbc\6.2.10\spring-jdbc-6.2.10.jar;C:\Users\BINNU KUMAR\.m2\repository\org\hibernate\orm\hibernate-core\6.6.26.Final\hibernate-core-6.6.26.Final.jar;C:\Users\BINNU KUMAR\.m2\repository\jakarta\persistence\jakarta.persistence-api\3.1.0\jakarta.persistence-api-3.1.0.jar;C:\Users\BINNU KUMAR\.m2\repository\jakarta\transaction\jakarta.transaction-api\2.0.1\jakarta.transaction-api-2.0.1.jar;C:\Users\BINNU KUMAR\.m2\repository\org\hibernate\common\hibernate-commons-annotations\7.0.3.Final\hibernate-commons-annotations-7.0.3.Final.jar;C:\Users\BINNU KUMAR\.m2\repository\io\smallrye\jandex\3.2.0\jandex-3.2.0.jar;C:\Users\BINNU KUMAR\.m2\repository\org\glassfish\jaxb\jaxb-runtime\4.0.5\jaxb-runtime-4.0.5.jar;C:\Users\BINNU KUMAR\.m2\repository\org\glassfish\jaxb\jaxb-core\4.0.5\jaxb-core-4.0.5.jar;C:\Users\BINNU KUMAR\.m2\repository\org\eclipse\angus\angus-activation\2.0.2\angus-activation-2.0.2.jar;C:\Users\BINNU KUMAR\.m2\repository\org\glassfish\jaxb\txw2\4.0.5\txw2-4.0.5.jar;C:\Users\BINNU KUMAR\.m2\repository\com\sun\istack\istack-commons-runtime\4.1.2\istack-commons-runtime-4.1.2.jar;C:\Users\BINNU KUMAR\.m2\repository\jakarta\inject\jakarta.inject-api\2.0.1\jakarta.inject-api-2.0.1.jar;C:\Users\BINNU KUMAR\.m2\repository\org\antlr\antlr4-runtime\4.13.0\antlr4-runtime-4.13.0.jar;C:\Users\BINNU KUMAR\.m2\repository\org\springframework\data\spring-data-jpa\3.5.3\spring-data-jpa-3.5.3.jar;C:\Users\BINNU KUMAR\.m2\repository\org\springframework\data\spring-data-commons\3.5.3\spring-data-commons-3.5.3.jar;C:\Users\BINNU KUMAR\.m2\repository\org\springframework\spring-orm\6.2.10\spring-orm-6.2.10.jar;C:\Users\BINNU KUMAR\.m2\repository\org\springframework\spring-aspects\6.2.10\spring-aspects-6.2.10.jar;C:\Users\BINNU KUMAR\.m2\repository\org\postgresql\postgresql\42.7.7\postgresql-42.7.7.jar;C:\Users\BINNU KUMAR\.m2\repository\org\checkerframework\checker-qual\3.49.3\checker-qual-3.49.3.jar;C:\Users\BINNU KUMAR\.m2\repository\org\apache\pdfbox\pdfbox\2.0.30\pdfbox-2.0.30.jar;C:\Users\BINNU KUMAR\.m2\repository\org\apache\pdfbox\fontbox\2.0.30\fontbox-2.0.30.jar;C:\Users\BINNU KUMAR\.m2\repository\commons-logging\commons-logging\1.2\commons-logging-1.2.jar;C:\Users\BINNU KUMAR\.m2\repository\org\apache\commons\commons-csv\1.10.0\commons-csv-1.10.0.jar;C:\Users\BINNU KUMAR\.m2\repository\org\apache\poi\poi-ooxml\5.2.5\poi-ooxml-5.2.5.jar;C:\Users\BINNU KUMAR\.m2\repository\org\apache\poi\poi\5.2.5\poi-5.2.5.jar;C:\Users\BINNU KUMAR\.m2\repository\commons-codec\commons-codec\1.18.0\commons-codec-1.18.0.jar;C:\Users\BINNU KUMAR\.m2\repository\org\apache\commons\commons-math3\3.6.1\commons-math3-3.6.1.jar;C:\Users\BINNU KUMAR\.m2\repository\com\zaxxer\SparseBitSet\1.3\SparseBitSet-1.3.jar;C:\Users\BINNU KUMAR\.m2\repository\org\apache\poi\poi-ooxml-lite\5.2.5\poi-ooxml-lite-5.2.5.jar;C:\Users\BINNU KUMAR\.m2\repository\org\apache\xmlbeans\xmlbeans\5.2.0\xmlbeans-5.2.0.jar;C:\Users\BINNU KUMAR\.m2\repository\org\apache\commons\commons-compress\1.25.0\commons-compress-1.25.0.jar;C:\Users\BINNU KUMAR\.m2\repository\commons-io\commons-io\2.15.0\commons-io-2.15.0.jar;C:\Users\BINNU KUMAR\.m2\repository\com\github\virtuald\curvesapi\1.08\curvesapi-1.08.jar;C:\Users\BINNU KUMAR\.m2\repository\org\apache\logging\log4j\log4j-api\2.24.3\log4j-api-2.24.3.jar;C:\Users\BINNU KUMAR\.m2\repository\org\apache\commons\commons-collections4\4.4\commons-collections4-4.4.jar
Launcher Type: SUN_STANDARD

[Global flags]
     intx CICompilerCount                          = 12                                        {product} {ergonomic}
     uint ConcGCThreads                            = 3                                         {product} {ergonomic}
     uint G1ConcRefinementThreads                  = 13                                        {product} {ergonomic}
   size_t G1HeapRegionSize                         = 2097152                                   {product} {ergonomic}
    uintx GCDrainStackTargetSize                   = 64                                        {product} {ergonomic}
   size_t InitialHeapSize                          = 264241152                                 {product} {ergonomic}
   size_t MarkStackSize                            = 4194304                                   {product} {ergonomic}
   size_t MaxHeapSize                              = 4208984064                                {product} {ergonomic}
   size_t MinHeapDeltaBytes                        = 2097152                                   {product} {ergonomic}
   size_t MinHeapSize                              = 8388608                                   {product} {ergonomic}
    uintx NonNMethodCodeHeapSize                   = 7602480                                {pd product} {ergonomic}
    uintx NonProfiledCodeHeapSize                  = 122027880                              {pd product} {ergonomic}
    uintx ProfiledCodeHeapSize                     = 122027880                              {pd product} {ergonomic}
    uintx ReservedCodeCacheSize                    = 251658240                              {pd product} {ergonomic}
     bool SegmentedCodeCache                       = true                                      {product} {ergonomic}
   size_t SoftMaxHeapSize                          = 4208984064                             {manageable} {ergonomic}
     bool UseCompressedOops                        = true                           {product lp64_product} {ergonomic}
     bool UseG1GC                                  = true                                      {product} {ergonomic}
     bool UseLargePagesIndividualAllocation        = false                                  {pd product} {ergonomic}

Logging:
Log output configuration:
 #0: stdout all=warning uptime,level,tags foldmultilines=false
 #1: stderr all=off uptime,level,tags foldmultilines=false

Release file:
<release file has not been read>
Environment Variables:
JAVA_HOME=C:\Program Files\Java\jdk-17
PATH=%JAVA_HOME%\bin;C:\Program Files\Java\jdk-17\bin;C:\Program Files\Common Files\Oracle\Java\javapath;C:\jdk-apps\apache-maven-3.9.11-bin\apache-maven-3.9.11\bin;C:\WINDOWS\system32;C:\WINDOWS;C:\WINDOWS\System32\Wbem;C:\WINDOWS\System32\WindowsPowerShell\v1.0\;C:\WINDOWS\System32\OpenSSH\;C:\Program Files\dotnet\;C:\Program Files\nodejs\;C:\Program Files\Docker\Docker\resources\bin;C:\Users\BINNU KUMAR\AppData\Local\Microsoft\WindowsApps;C:\jdk-apps\jdk-20_windows-x64_bin\jdk-20.0.1\bin;C:\Users\BINNU KUMAR\AppData\Local\Programs\Microsoft VS Code\bin;C:\Program Files\JetBrains\IntelliJ IDEA Community Edition 2024.1\bin;;C:\Users\BINNU KUMAR\AppData\Roaming\npm;C:\Users\BINNU KUMAR\AppData\Local\Kingsoft\WPS Office\12.1.0.27458\clitool;C:\Users\BINNU KUMAR\AppData\Local\Programs\Antigravity IDE\bin;C:\Program Files\JetBrains\IntelliJ IDEA 2026.2\bin
USERNAME=BINNU KUMAR
OS=Windows_NT
PROCESSOR_IDENTIFIER=Intel64 Family 6 Model 154 Stepping 3, GenuineIntel
TMP=C:\Users\BINNUK~1\AppData\Local\Temp
TEMP=C:\Users\BINNUK~1\AppData\Local\Temp




Periodic native trim disabled

---------------  S Y S T E M  ---------------

OS:
 Windows 11 , 64 bit Build 26100 (10.0.26100.8875)
OS uptime: 0 days 0:30 hours
Hyper-V role detected

CPU: total 16 (initial active 16) (8 cores per cpu, 2 threads per core) family 6 model 154 stepping 3 microcode 0x42c, cx8, cmov, fxsr, ht, mmx, 3dnowpref, sse, sse2, sse3, ssse3, sse4.1, sse4.2, popcnt, lzcnt, tsc, tscinvbit, avx, avx2, aes, erms, clmul, bmi1, bmi2, adx, sha, fma, vzeroupper, clflush, clflushopt, clwb, hv, serialize, rdtscp, rdpid, fsrm, f16c, cet_ibt, cet_ss
Processor Information for processor 0
  Max Mhz: 1700, Current Mhz: 1700, Mhz Limit: 1700
Processor Information for processor 1
  Max Mhz: 1700, Current Mhz: 1700, Mhz Limit: 1700
Processor Information for processor 2
  Max Mhz: 1700, Current Mhz: 1700, Mhz Limit: 1700
Processor Information for processor 3
  Max Mhz: 1700, Current Mhz: 1700, Mhz Limit: 1700
Processor Information for processor 4
  Max Mhz: 1700, Current Mhz: 1700, Mhz Limit: 1700
Processor Information for processor 5
  Max Mhz: 1700, Current Mhz: 1700, Mhz Limit: 1700
Processor Information for processor 6
  Max Mhz: 1700, Current Mhz: 1700, Mhz Limit: 1700
Processor Information for processor 7
  Max Mhz: 1700, Current Mhz: 1700, Mhz Limit: 1700
Processor Information for processor 8
  Max Mhz: 1700, Current Mhz: 1200, Mhz Limit: 1190
Processor Information for processor 9
  Max Mhz: 1700, Current Mhz: 1200, Mhz Limit: 1190
Processor Information for processor 10
  Max Mhz: 1700, Current Mhz: 1200, Mhz Limit: 1190
Processor Information for processor 11
  Max Mhz: 1700, Current Mhz: 1200, Mhz Limit: 1190
Processor Information for processor 12
  Max Mhz: 1700, Current Mhz: 1200, Mhz Limit: 1190
Processor Information for processor 13
  Max Mhz: 1700, Current Mhz: 1200, Mhz Limit: 1190
Processor Information for processor 14
  Max Mhz: 1700, Current Mhz: 1200, Mhz Limit: 1190
Processor Information for processor 15
  Max Mhz: 1700, Current Mhz: 1200, Mhz Limit: 1190

Memory: 4k page, system-wide physical 16052M (2917M free)
TotalPageFile size 16052M (AvailPageFile size 45M)
current process WorkingSet (physical memory assigned to process): 14M, peak: 14M
current process commit charge ("private bytes"): 71M, peak: 323M

vm_info: OpenJDK 64-Bit Server VM (21.0.11+10-LTS) for windows-amd64 JRE (21.0.11+10-LTS), built on 2026-04-18T07:30:30Z by "Administrator" with MS VC++ 17.14 (VS2022)

END.
